// Jest Snapshot v1, https://goo.gl/fbAQLP

exports[`Board component with size 3 * 3 should be rendered 1`] = `
<div
  class="game-board"
  role="grid"
>
  <div
    class="board-row"
    role="row"
  >
    <div
      role="cell"
    >
      <button
        class="square"
      />
    </div>
    <div
      role="cell"
    >
      <button
        class="square"
      />
    </div>
    <div
      role="cell"
    >
      <button
        class="square"
      />
    </div>
  </div>
  <div
    class="board-row"
    role="row"
  >
    <div
      role="cell"
    >
      <button
        class="square"
      />
    </div>
    <div
      role="cell"
    >
      <button
        class="square"
      />
    </div>
    <div
      role="cell"
    >
      <button
        class="square"
      />
    </div>
  </div>
  <div
    class="board-row"
    role="row"
  >
    <div
      role="cell"
    >
      <button
        class="square"
      />
    </div>
    <div
      role="cell"
    >
      <button
        class="square"
      />
    </div>
    <div
      role="cell"
    >
      <button
        class="square"
      />
    </div>
  </div>
</div>
`;

exports[`Board component with size 4 * 4 should be rendered 1`] = `
<div
  class="game-board"
  role="grid"
>
  <div
    class="board-row"
    role="row"
  >
    <div
      role="cell"
    >
      <button
        class="square"
      />
    </div>
    <div
      role="cell"
    >
      <button
        class="square"
      />
    </div>
    <div
      role="cell"
    >
      <button
        class="square"
      />
    </div>
    <div
      role="cell"
    >
      <button
        class="square"
      />
    </div>
  </div>
  <div
    class="board-row"
    role="row"
  >
    <div
      role="cell"
    >
      <button
        class="square"
      />
    </div>
    <div
      role="cell"
    >
      <button
        class="square"
      />
    </div>
    <div
      role="cell"
    >
      <button
        class="square"
      />
    </div>
    <div
      role="cell"
    >
      <button
        class="square"
      />
    </div>
  </div>
  <div
    class="board-row"
    role="row"
  >
    <div
      role="cell"
    >
      <button
        class="square"
      />
    </div>
    <div
      role="cell"
    >
      <button
        class="square"
      />
    </div>
    <div
      role="cell"
    >
      <button
        class="square"
      />
    </div>
    <div
      role="cell"
    >
      <button
        class="square"
      />
    </div>
  </div>
  <div
    class="board-row"
    role="row"
  >
    <div
      role="cell"
    >
      <button
        class="square"
      />
    </div>
    <div
      role="cell"
    >
      <button
        class="square"
      />
    </div>
    <div
      role="cell"
    >
      <button
        class="square"
      />
    </div>
    <div
      role="cell"
    >
      <button
        class="square"
      />
    </div>
  </div>
</div>
`;
